2026-05-04 22:12:09 | INFO     | ============================================================
2026-05-04 22:12:09 | INFO     | NUEVA SESIÓN INICIADA - 2026-05-04 22:12:09
2026-05-04 22:12:09 | INFO     | ============================================================
2026-05-04 22:12:26 | INFO     | Cliente agregado: roussell
2026-05-04 22:12:33 | INFO     | ============================================================
2026-05-04 22:12:33 | INFO     | NUEVA SESIÓN INICIADA - 2026-05-04 22:12:33
2026-05-04 22:12:33 | INFO     | ============================================================
2026-05-04 22:12:33 | INFO     | OP01 | Cliente válido registrado: Juan Pérez
2026-05-04 22:12:33 | ERROR    | OP02 | Edad inválida rechazada | Excepción: ErrorEdadInvalida: [Código E002] La edad '-5' no es válida. Debe ser un número mayor a 0.
2026-05-04 22:12:33 | ERROR    | OP03 | Estado inválido rechazado | Excepción: ErrorEstadoInvalido: [Código E003] El estado 'suspendido' no es válido. Use 'activo' o 'inactivo'.
2026-05-04 22:12:33 | ERROR    | OP04 | Nombre vacío rechazado | Excepción: ErrorNombreVacio: [Código E001] El nombre no puede estar vacío.
2026-05-04 22:12:33 | INFO     | OP05 | Cliente válido registrado: María López
2026-05-04 22:12:33 | INFO     | OP06 | Cliente actualizado: Juan Pérez → edad 31
2026-05-04 22:12:33 | WARNING  | OP07 | Búsqueda sin resultado
2026-05-04 22:12:33 | ERROR    | OP08 | Servicio no disponible al reservar | Excepción: ErrorServicioNoDisponible: [Código E005] El servicio 'Sala VIP' no está disponible en este momento.
2026-05-04 22:12:33 | ERROR    | OP09 | Duración inválida rechazada | Excepción: ErrorDuracionInvalida: [Código E006] La duración '-2' no es válida. Debe ser un número positivo.
2026-05-04 22:12:33 | ERROR    | OP10 | Intento de operar reserva cancelada | Excepción: ErrorReservaCancelada: [Código E008] No se puede operar sobre una reserva que ya fue cancelada.
2026-05-04 22:12:33 | ERROR    | OP11 | Parámetro faltante al crear cliente | Excepción: ErrorParametroFaltante: [Código E009] El parámetro 'estado' es obligatorio y no fue proporcionado.
2026-05-04 22:12:33 | INFO     | OP12 | Listado de 3 cliente(s) mostrado
2026-05-04 22:12:38 | INFO     | Usuario seleccionó salir del sistema
2026-05-04 22:12:38 | INFO     | SESIÓN CERRADA CORRECTAMENTE
2026-05-04 22:12:38 | INFO     | ============================================================
2026-05-04 22:13:51 | INFO     | ============================================================
2026-05-04 22:13:51 | INFO     | NUEVA SESIÓN INICIADA - 2026-05-04 22:13:51
2026-05-04 22:13:51 | INFO     | ============================================================
2026-05-04 22:14:02 | ERROR    | Error inesperado al agregar cliente | Excepción: ErrorTipoIncorrecto: [Código E010] El campo 'edad' debe ser de tipo número entero positivo.
2026-05-04 22:14:14 | ERROR    | Intento fallido de agregar cliente | Excepción: ErrorEstadoInvalido: [Código E003] El estado '2' no es válido. Use 'activo' o 'inactivo'.
2026-05-04 22:15:17 | WARNING  | Intento de eliminar cliente inexistente: rous
2026-05-04 22:15:32 | INFO     | Usuario seleccionó salir del sistema
2026-05-04 22:15:32 | INFO     | SESIÓN CERRADA CORRECTAMENTE
2026-05-04 22:15:32 | INFO     | ============================================================
2026-05-04 22:15:37 | INFO     | ============================================================
2026-05-04 22:15:37 | INFO     | NUEVA SESIÓN INICIADA - 2026-05-04 22:15:37
2026-05-04 22:15:37 | INFO     | ============================================================
2026-05-04 22:15:52 | ERROR    | Error inesperado al agregar cliente | Excepción: ErrorTipoIncorrecto: [Código E010] El campo 'edad' debe ser de tipo número entero positivo.
2026-05-04 22:16:09 | INFO     | Cliente agregado: rous
2026-05-04 22:16:23 | INFO     | Cliente eliminado: rous
2026-05-06 22:21:44 | INFO     | ============================================================
2026-05-06 22:21:44 | INFO     | NUEVA SESIÓN INICIADA - 2026-05-06 22:21:44
2026-05-06 22:21:44 | INFO     | ============================================================
2026-05-06 23:46:17 | INFO     | ============================================================
2026-05-06 23:46:17 | INFO     | NUEVA SESIÓN INICIADA - 2026-05-06 23:46:17
2026-05-06 23:46:17 | INFO     | ============================================================
2026-05-07 00:09:15 | INFO     | ============================================================
2026-05-07 00:09:15 | INFO     | NUEVA SESIÓN INICIADA - 2026-05-07 00:09:15
2026-05-07 00:09:15 | INFO     | ============================================================
2026-05-09 17:54:40 | INFO     | ============================================================
2026-05-09 17:54:40 | INFO     | NUEVA SESIÓN INICIADA - 2026-05-09 17:54:40
2026-05-09 17:54:40 | INFO     | ============================================================
2026-05-09 17:58:01 | INFO     | Cliente agregado: rtrt
2026-05-11 21:15:07 | INFO     | ============================================================
2026-05-11 21:15:07 | INFO     | NUEVA SESIÓN INICIADA - 2026-05-11 21:15:07
2026-05-11 21:15:07 | INFO     | ============================================================
2026-05-11 21:15:12 | INFO     | OP01 | Cliente válido registrado: Juan Pérez
2026-05-11 21:15:12 | ERROR    | OP02 | Edad inválida rechazada | Excepción: ErrorEdadInvalida: [Código E002] La edad '-5' no es válida. Debe ser un número mayor a 0.
2026-05-11 21:15:12 | ERROR    | OP03 | Estado inválido rechazado | Excepción: ErrorEstadoInvalido: [Código E003] El estado 'suspendido' no es válido. Use 'activo' o 'inactivo'.
2026-05-11 21:15:12 | ERROR    | OP04 | Nombre vacío rechazado | Excepción: ErrorNombreVacio: [Código E001] El nombre no puede estar vacío.
2026-05-11 21:15:12 | INFO     | OP05 | Cliente válido registrado: María López
2026-05-11 21:15:12 | INFO     | OP06 | Cliente actualizado: Juan Pérez → edad 31
2026-05-11 21:15:12 | WARNING  | OP07 | Búsqueda sin resultado
2026-05-11 21:15:12 | ERROR    | OP08 | Servicio no disponible al reservar | Excepción: ErrorServicioNoDisponible: [Código E005] El servicio 'Sala VIP' no está disponible en este momento.
2026-05-11 21:15:12 | ERROR    | OP09 | Duración inválida rechazada | Excepción: ErrorDuracionInvalida: [Código E006] La duración '-2' no es válida. Debe ser un número positivo.
2026-05-11 21:15:12 | ERROR    | OP10 | Intento de operar reserva cancelada | Excepción: ErrorReservaCancelada: [Código E008] No se puede operar sobre una reserva que ya fue cancelada.
2026-05-11 21:15:12 | ERROR    | OP11 | Parámetro faltante al crear cliente | Excepción: ErrorParametroFaltante: [Código E009] El parámetro 'estado' es obligatorio y no fue proporcionado.
2026-05-11 21:15:12 | INFO     | OP12 | Listado de 2 cliente(s) mostrado
2026-05-12 09:16:53 | INFO     | ============================================================
2026-05-12 09:16:53 | INFO     | NUEVA SESIÓN INICIADA - 2026-05-12 09:16:53
2026-05-12 09:16:53 | INFO     | ============================================================
2026-05-12 09:16:56 | INFO     | ============================================================
2026-05-12 09:16:56 | INFO     | NUEVA SESIÓN INICIADA - 2026-05-12 09:16:56
2026-05-12 09:16:56 | INFO     | ============================================================
2026-05-12 09:17:13 | INFO     | ============================================================
2026-05-12 09:17:13 | INFO     | NUEVA SESIÓN INICIADA - 2026-05-12 09:17:13
2026-05-12 09:17:13 | INFO     | ============================================================
2026-05-12 09:17:23 | INFO     | ============================================================
2026-05-12 09:17:23 | INFO     | NUEVA SESIÓN INICIADA - 2026-05-12 09:17:23
2026-05-12 09:17:23 | INFO     | ============================================================
2026-05-12 12:59:13 | INFO     | ============================================================
2026-05-12 12:59:13 | INFO     | NUEVA SESIÓN INICIADA - 2026-05-12 12:59:13
2026-05-12 12:59:13 | INFO     | ============================================================
2026-05-12 12:59:19 | INFO     | OP01 | Cliente válido registrado: Juan Pérez
2026-05-12 12:59:19 | ERROR    | OP02 | Edad inválida rechazada | Excepción: ErrorEdadInvalida: [Código E002] La edad '-5' no es válida. Debe ser un número mayor a 0.
2026-05-12 12:59:19 | ERROR    | OP03 | Estado inválido rechazado | Excepción: ErrorEstadoInvalido: [Código E003] El estado 'suspendido' no es válido. Use 'activo' o 'inactivo'.
2026-05-12 12:59:19 | ERROR    | OP04 | Nombre vacío rechazado | Excepción: ErrorNombreVacio: [Código E001] El nombre no puede estar vacío.
2026-05-12 12:59:19 | INFO     | OP05 | Cliente válido registrado: María López
2026-05-12 12:59:19 | INFO     | OP06 | Cliente actualizado: Juan Pérez → edad 31
2026-05-12 12:59:19 | WARNING  | OP07 | Búsqueda sin resultado
2026-05-12 12:59:19 | ERROR    | OP08 | Servicio no disponible al reservar | Excepción: ErrorServicioNoDisponible: [Código E005] El servicio 'Sala VIP' no está disponible en este momento.
2026-05-12 12:59:19 | ERROR    | OP09 | Duración inválida rechazada | Excepción: ErrorDuracionInvalida: [Código E006] La duración '-2' no es válida. Debe ser un número positivo.
2026-05-12 12:59:19 | ERROR    | OP10 | Intento de operar reserva cancelada | Excepción: ErrorReservaCancelada: [Código E008] No se puede operar sobre una reserva que ya fue cancelada.
2026-05-12 12:59:19 | ERROR    | OP11 | Parámetro faltante al crear cliente | Excepción: ErrorParametroFaltante: [Código E009] El parámetro 'estado' es obligatorio y no fue proporcionado.
2026-05-12 12:59:19 | INFO     | OP12 | Listado de 2 cliente(s) mostrado
2026-05-12 12:59:19 | INFO     | OP13 | Registro 01 creado: María
2026-05-12 12:59:19 | INFO     | OP13 | Registro 01 procesado — resultado: OK
2026-05-12 12:59:19 | INFO     | OP13 | Registro 02 creado: Carlos
2026-05-12 12:59:19 | INFO     | OP13 | Registro 02 procesado — resultado: OK
2026-05-12 12:59:19 | INFO     | OP13 | Registro 03 creado: Sofía
2026-05-12 12:59:19 | INFO     | OP13 | Registro 03 procesado — resultado: OK
2026-05-12 12:59:19 | ERROR    | OP13 | Registro 04 rechazado — nombre vacío | Excepción: ErrorNombreVacio: [Código E001] El nombre no puede estar vacío.
2026-05-12 12:59:19 | INFO     | OP13 | Registro 04 procesado — resultado: FALLO
2026-05-12 12:59:19 | ERROR    | OP13 | Registro 05 rechazado — edad inválida: -5 | Excepción: ErrorEdadInvalida: [Código E002] La edad '-5' no es válida. Debe ser un número mayor a 0.
2026-05-12 12:59:19 | INFO     | OP13 | Registro 05 procesado — resultado: FALLO
2026-05-12 12:59:19 | ERROR    | OP13 | Registro 06 rechazado — estado inválido: otros | Excepción: ErrorEstadoInvalido: [Código E003] El estado 'otros' no es válido. Use 'activo' o 'inactivo'.
2026-05-12 12:59:19 | INFO     | OP13 | Registro 06 procesado — resultado: FALLO
2026-05-12 12:59:19 | INFO     | OP13 | Registro 07 creado: Andrés
2026-05-12 12:59:19 | INFO     | OP13 | Registro 07 procesado — resultado: OK
2026-05-12 12:59:19 | ERROR    | OP13 | Registro 08 rechazado — edad inválida: 0 | Excepción: ErrorEdadInvalida: [Código E002] La edad '0' no es válida. Debe ser un número mayor a 0.
2026-05-12 12:59:19 | INFO     | OP13 | Registro 08 procesado — resultado: FALLO
2026-05-12 12:59:19 | INFO     | OP13 | Registro 09 creado: Felipe
2026-05-12 12:59:19 | INFO     | OP13 | Registro 09 procesado — resultado: OK
2026-05-12 12:59:19 | INFO     | OP13 | Registro 10 creado: Valentina
2026-05-12 12:59:19 | INFO     | OP13 | Registro 10 procesado — resultado: OK
2026-05-12 12:59:19 | INFO     | OP13 | Inserción masiva finalizada: 6 OK, 4 fallidos
2026-05-12 12:59:24 | INFO     | Usuario seleccionó salir del sistema
2026-05-12 12:59:24 | INFO     | SESIÓN CERRADA CORRECTAMENTE
2026-05-12 12:59:24 | INFO     | ============================================================
